{
  "timing": {
    "two-obligation": {
      "units": 888,
      "runs": 4440,
      "rates": {
        "0.1": 14.594594594594595,
        "0.3": 25.06756756756757,
        "1": 57.9054054054054,
        "3": 68.69369369369369,
        "10": 73.13063063063063,
        "30": 73.1981981981982,
        "50": 73.1981981981982
      },
      "mean_wall_ms": 0.7044608896416656,
      "median_wall_ms": 0.3616244999875562,
      "mean_feeds": 600.356981981982,
      "mean_tests": 1.2916666666666667,
      "order_counts": {
        "0": 494,
        "8": 494,
        "7": 494,
        "6": 493,
        "5": 493,
        "4": 493,
        "3": 493,
        "2": 493,
        "1": 493
      }
    },
    "state-feature-no-parser": {
      "units": 888,
      "runs": 4440,
      "rates": {
        "0.1": 14.481981981981981,
        "0.3": 20.743243243243242,
        "1": 57.88288288288288,
        "3": 65.87837837837837,
        "10": 74.84234234234235,
        "30": 75.0,
        "50": 75.0
      },
      "mean_wall_ms": 1.3155791655401368,
      "median_wall_ms": 0.603479000005791,
      "mean_feeds": 659.0855855855856,
      "mean_tests": 5.086711711711712,
      "order_counts": {
        "1": 493,
        "0": 493,
        "8": 493,
        "7": 494,
        "6": 494,
        "5": 494,
        "4": 493,
        "3": 493,
        "2": 493
      }
    },
    "bytewise-sparse": {
      "units": 888,
      "runs": 4440,
      "rates": {
        "0.1": 13.513513513513514,
        "0.3": 23.445945945945947,
        "1": 62.950450450450454,
        "3": 67.34234234234235,
        "10": 71.75675675675676,
        "30": 71.89189189189189,
        "50": 71.89189189189189
      },
      "mean_wall_ms": 0.9896581671170622,
      "median_wall_ms": 0.5901739999671918,
      "mean_feeds": 613.979054054054,
      "mean_tests": 5.803378378378379,
      "order_counts": {
        "2": 493,
        "1": 494,
        "0": 494,
        "8": 494,
        "7": 493,
        "6": 493,
        "5": 493,
        "4": 493,
        "3": 493
      }
    },
    "callback-aware": {
      "units": 888,
      "runs": 4440,
      "rates": {
        "0.1": 14.27927927927928,
        "0.3": 26.576576576576578,
        "1": 59.0990990990991,
        "3": 70.56306306306307,
        "10": 74.88738738738739,
        "30": 75.0,
        "50": 75.0
      },
      "mean_wall_ms": 1.0111464763540754,
      "median_wall_ms": 0.5426569999826825,
      "mean_feeds": 697.8198198198198,
      "mean_tests": 4.690315315315315,
      "order_counts": {
        "3": 494,
        "2": 493,
        "1": 493,
        "0": 493,
        "8": 493,
        "7": 493,
        "6": 493,
        "5": 494,
        "4": 494
      }
    },
    "no-shadow": {
      "units": 888,
      "runs": 4440,
      "rates": {
        "0.1": 14.572072072072071,
        "0.3": 22.92792792792793,
        "1": 55.810810810810814,
        "3": 61.373873873873876,
        "10": 68.28828828828829,
        "30": 68.35585585585585,
        "50": 68.35585585585585
      },
      "mean_wall_ms": 1.1931148027024556,
      "median_wall_ms": 0.5780855000239171,
      "mean_feeds": 879.9605855855856,
      "mean_tests": 6.195945945945946,
      "order_counts": {
        "4": 493,
        "3": 493,
        "2": 494,
        "1": 494,
        "0": 494,
        "8": 493,
        "7": 493,
        "6": 493,
        "5": 493
      }
    },
    "state-feature": {
      "units": 888,
      "runs": 4440,
      "rates": {
        "0.1": 14.617117117117116,
        "0.3": 20.653153153153152,
        "1": 50.427927927927925,
        "3": 55.292792792792795,
        "10": 60.608108108108105,
        "30": 61.509009009009006,
        "50": 61.554054054054056
      },
      "mean_wall_ms": 2.7977177443719343,
      "median_wall_ms": 0.840200499965249,
      "mean_feeds": 618.0146396396397,
      "mean_tests": 7.31981981981982,
      "order_counts": {
        "5": 494,
        "4": 494,
        "3": 493,
        "2": 493,
        "1": 493,
        "0": 493,
        "8": 493,
        "7": 493,
        "6": 494
      }
    },
    "uniform": {
      "units": 888,
      "runs": 4440,
      "rates": {
        "0.1": 11.981981981981981,
        "0.3": 24.93243243243243,
        "1": 58.91891891891892,
        "3": 59.66216216216216,
        "10": 63.71621621621622,
        "30": 63.78378378378378,
        "50": 63.78378378378378
      },
      "mean_wall_ms": 1.4175234900900304,
      "median_wall_ms": 0.5015505000756093,
      "mean_feeds": 1427.4898648648648,
      "mean_tests": 6.513963963963964,
      "order_counts": {
        "6": 493,
        "5": 493,
        "4": 493,
        "3": 494,
        "2": 494,
        "1": 494,
        "0": 493,
        "8": 493,
        "7": 493
      }
    },
    "bytewise": {
      "units": 888,
      "runs": 4440,
      "rates": {
        "0.1": 14.887387387387387,
        "0.3": 20.63063063063063,
        "1": 50.472972972972975,
        "3": 51.28378378378378,
        "10": 55.4054054054054,
        "30": 55.51801801801802,
        "50": 55.51801801801802
      },
      "mean_wall_ms": 0.5564129761251946,
      "median_wall_ms": 0.25026649996107153,
      "mean_feeds": 599.7736486486486,
      "mean_tests": 1,
      "order_counts": {
        "7": 494,
        "6": 494,
        "5": 493,
        "4": 493,
        "3": 493,
        "2": 493,
        "1": 493,
        "0": 493,
        "8": 494
      }
    },
    "fixed": {
      "units": 888,
      "runs": 4440,
      "rates": {
        "0.1": 14.527027027027026,
        "0.3": 23.963963963963963,
        "1": 58.648648648648646,
        "3": 65.74324324324324,
        "10": 71.57657657657657,
        "30": 71.71171171171171,
        "50": 71.73423423423424
      },
      "mean_wall_ms": 1.0776578301817652,
      "median_wall_ms": 0.557479000008243,
      "mean_feeds": 911.6063063063064,
      "mean_tests": 5.747972972972973,
      "order_counts": {
        "8": 493,
        "7": 493,
        "6": 493,
        "5": 493,
        "4": 494,
        "3": 494,
        "2": 494,
        "1": 493,
        "0": 493
      }
    },
    "paired_fixed_two": {
      "common_detected_repeats": 3105,
      "median_time_ratio": 1.0012878203922986,
      "scope": "conditional intersection; headline rates retain non-detections"
    }
  },
  "gate": [
    {
      "unsafe": "decoder_per_event",
      "guarded": "gate_decoder_per_event",
      "unsafe_changed_streams": 375,
      "guarded_changed_streams": 0,
      "unsafe_mismatch_checks": 1434,
      "guarded_mismatch_checks": 0
    },
    {
      "unsafe": "parser_per_event",
      "guarded": "gate_parser_per_event",
      "unsafe_changed_streams": 430,
      "guarded_changed_streams": 0,
      "unsafe_mismatch_checks": 6786,
      "guarded_mismatch_checks": 0
    },
    {
      "unsafe": "decoder_per_retry",
      "guarded": "gate_decoder_per_retry",
      "unsafe_changed_streams": 286,
      "guarded_changed_streams": 0,
      "unsafe_mismatch_checks": 1587,
      "guarded_mismatch_checks": 0
    },
    {
      "unsafe": "parser_per_retry",
      "guarded": "gate_parser_per_retry",
      "unsafe_changed_streams": 319,
      "guarded_changed_streams": 0,
      "unsafe_mismatch_checks": 6635,
      "guarded_mismatch_checks": 0
    }
  ],
  "macros": {
    "PeakRSS": "167.78",
    "AllUnits": 5104,
    "StructuralUnits": 1572,
    "AllPortfolio": "78.57",
    "AllFixed": "75.00",
    "StructuralPortfolio": "70.42",
    "StructuralFixed": "65.08",
    "TimePortfolio": "75.00",
    "TimeTwo": "73.20",
    "TimeFixed": "71.73",
    "TimeStateLean": "75.00",
    "ThreeTwo": "68.69",
    "ThreeFixed": "65.74",
    "StudyTime": "154.78",
    "CleanCampaign": "83,092",
    "TwoWork": "0.704",
    "FixedWork": "1.078",
    "PortfolioWork": "1.011",
    "StateLeanWork": "1.316",
    "GateStreams": "537",
    "GateChecks": "10,823",
    "GatePartitions": "524,288",
    "GateExecutions": "2,097,152",
    "GateOverhead": "6.56",
    "GateAllOverhead": "15.09",
    "GateUnsafeMin": 286,
    "GateUnsafeMax": 430
  }
}
