structural-callback-tail-00 495 2.28
structural-callback-tail-09 990 3.38
structural-callback-tail-17 1485 4.61
structural-data-whitespace-00 1980 4.96
structural-data-whitespace-09 2475 5.31
structural-data-whitespace-17 2970 5.63
holdout-hi-00 3465 6.81
holdout-hi-10 3960 7.57
holdout-hi-19 4455 8.37
holdout-ko-00 4950 9.35
holdout-ko-10 5445 10.14
holdout-ko-19 5940 10.9
holdout-mixed-00 6435 11.98
holdout-mixed-10 6930 12.91
holdout-mixed-19 7425 13.92
holdout-ru-00 7920 14.89
holdout-ru-10 8415 15.83
holdout-ru-19 8910 16.7
structural-incomplete-suffix-00 9405 17.0
structural-incomplete-suffix-09 9900 17.33
structural-incomplete-suffix-17 10395 17.67
structural-metadata-only-00 10890 17.92
structural-metadata-only-09 11385 18.14
structural-metadata-only-17 11880 18.43
structural-mixed-endings-00 12330 18.63
structural-mixed-endings-09 12780 18.8
structural-mixed-endings-17 13275 19.05
structural-progress-json-00 13770 19.35
structural-progress-json-09 14265 19.62
structural-progress-json-17 14760 19.91
structural-retry-cycles-00 15255 20.22
structural-retry-cycles-09 15750 20.53
structural-retry-cycles-17 16245 20.88
sensor-de-00 16740 21.88
sensor-de-10 17235 22.72
sensor-de-19 17730 23.65
sensor-emoji-00 18225 24.68
sensor-emoji-10 18720 25.49
sensor-emoji-19 19215 26.33
sensor-es-00 19710 27.39
sensor-es-10 20205 28.35
sensor-es-19 20700 29.26
task-ar-00 21195 30.31
task-ar-10 21690 31.27
task-ar-19 22185 32.1
task-en-00 22680 33.38
task-en-10 23175 34.59
task-en-19 23670 35.82
task-fr-00 24165 36.92
task-fr-10 24660 37.82
task-fr-19 25155 38.72
task-ja-00 25650 39.68
task-ja-10 26145 40.46
task-ja-19 26640 41.3
task-zh-00 27135 42.31
task-zh-10 27630 43.22
task-zh-19 28125 44.03
structural-unicode-planes-00 28620 44.32
structural-unicode-planes-09 29115 44.58
structural-unicode-planes-17 29610 44.84
validation-decoder-lifetime-00 30105 45.13
validation-decoder-lifetime-06 30600 45.35
validation-decoder-lifetime-11 31095 45.57
validation-empty-data-runs-00 31590 45.87
validation-empty-data-runs-06 32085 46.19
validation-empty-data-runs-11 32580 46.41
validation-metadata-transitions-00 33075 46.71
validation-metadata-transitions-06 33570 47.02
validation-metadata-transitions-11 34065 47.28
validation-mixed-endings-00 34560 47.67
validation-mixed-endings-06 35055 47.97
validation-mixed-endings-11 35505 48.18
validation-nested-dashboard-00 36000 48.54
validation-nested-dashboard-06 36495 48.95
validation-nested-dashboard-11 36990 49.29
validation-no-dispatch-suffix-00 37485 49.58
validation-no-dispatch-suffix-06 37980 49.85
validation-no-dispatch-suffix-11 38475 50.18
validation-scalar-widths-00 38970 50.4
validation-scalar-widths-06 39465 50.61
validation-scalar-widths-11 39960 50.83
{'status': 'completed', 'cases': 81, 'units': 888, 'repeats': 5, 'rows': 39960, 'strategies': ['fixed', 'bytewise', 'uniform', 'bytewise-sparse', 'state-feature', 'state-feature-no-parser', 'callback-aware', 'two-obligation', 'no-shadow'], 'wall_seconds': 50.849948281000025, 'python': '3.13.5', 'peak_rss_kib': 110856, 'excluded': 'runtime startup, common whole-input prechecks, and oracle computation', 'included': 'lazy policy construction, warm IPC, and source execution', 'sample_rule': 'first, middle, last by case id within each eligible authored family; deduplicated', 'random_seed_rule': 'three fixed seeds selected by repeat modulo three; repeated random timing is not three-seed-independent statistical replication', 'thresholds': 'nested observations of the same 50-ms trace; over-budget completion is never detected'}
